Microchip MPLAB XC8 Compiler V2.30

Linker command line:

-W-3 --edf=C:\Program Files\Microchip\xc8\v2.30\pic\dat\en_msgs.txt -cn \
  -h+dist/default/production\Auto_Balancing_Bot_DMP.X.production.sym \
  --cmf=dist/default/production\Auto_Balancing_Bot_DMP.X.production.cmf -z \
  -Q18F4550 -oC:\Users\Sam\AppData\Local\Temp\ses0x2 \
  --defsym=__MPLAB_BUILD=1 \
  -Mdist/default/production/Auto_Balancing_Bot_DMP.X.production.map -E1 \
  -ver=XC8 Compiler --acfsm=1493 -ASTACK=03B0h-07FFh -pstack=STACK \
  -ACODE=00h-07FFFh -ACONST=00h-07FFFh -ASMALLCONST=0800h-08FFhx120 \
  -AMEDIUMCONST=0800h-07FFFh -ACOMRAM=01h-05Fh -AABS1=00h-07FFh \
  -ABIGRAM=01h-07FFh -ARAM=060h-0FFh,0100h-01FFhx7 -ABANK0=060h-0FFh \
  -ABANK1=0100h-01FFh -ABANK2=0200h-02FFh -ABANK3=0300h-03FFh \
  -ABANK4=0400h-04FFh -ABANK5=0500h-05FFh -ABANK6=0600h-06FFh \
  -ABANK7=0700h-07FFh -ASFR=0F60h-0FFFh -ACONFIG=0300000h-030000Dh \
  -AIDLOC=0200000h-0200007h -AEEDATA=0F00000h-0F000FFh -peeprom_data=EEDATA \
  -preset_vec=00h,intcode=08h,intcodelo,powerup,init -pramtop=0800h \
  -psmallconst=SMALLCONST -pmediumconst=MEDIUMCONST -pconst=CONST \
  -AFARRAM=00h-00h \
  -prdata=COMRAM,nvrram=COMRAM,nvbit=COMRAM,rbss=COMRAM,rbit=COMRAM \
  -pfarbss=FARRAM,fardata=FARRAM,nvFARRAM=FARRAM \
  -pintsave_regs=BIGRAM,bigbss=BIGRAM,bigdata=BIGRAM -pbss=RAM \
  -pidata=CODE,irdata=CODE,ibigdata=CODE,ifardata=CODE -prparam=COMRAM \
  C:\Users\Sam\AppData\Local\Temp\ses0xd.o \
  dist/default/production\Auto_Balancing_Bot_DMP.X.production.o 

Object code version is 3.11

Machine type is 18F4550



                Name                               Link     Load   Length Selector   Space Scale
C:\Users\Sam\AppData\Local\Temp\ses0xd.o
                idloc                            200000   200000        8        0       5
                config                           300000   300000        E        0       4
                init                                  E        E        4        4       0
                reset_vec                             0        0        4        0       0
dist/default/production\Auto_Balancing_Bot_DMP.X.production.o
                intcode                               8        8        6        4       0
                idloc                            200000   200000        8        0       5
                config                           300000   300000        E        0       4
                temp                                 5C       5C        1        1       1
                mediumconst                        72AC     72AC      D54     3956       0
                text86                             5E7C     5E7C       80        4       0
                intcode_body                       6246     6246       5E        4       0
                text84                             6882     6882        8        4       0
                text83                             5406     5406       DE        4       0
                text82                             682C     682C       16        4       0
                text81                             67E8     67E8       18        4       0
                text80                             6816     6816       16        4       0
                text79                             64F4     64F4       32        4       0
                text78                             6674     6674       22        4       0
                text77                             6652     6652       22        4       0
                text76                             6630     6630       22        4       0
                text75                             65C4     65C4       26        4       0
                text74                             5322     5322       E4        4       0
                text73                             6786     6786       1A        4       0
                text72                             6550     6550       28        4       0
                text71                             676C     676C       1A        4       0
                text70                             5EFC     5EFC       7C        4       0
                text69                             6752     6752       1A        4       0
                text68                             5D5C     5D5C       92        4       0
                text67                             6800     6800       16        4       0
                text66                             4858     4858      1D8        4       0
                text65                             6856     6856       12        4       0
                text64                             6878     6878        A        4       0
                text63                             3394     3394      42A        4       0
                text62                             2ED4     2ED4      4C0        4       0
                text61                             6352     6352       48        4       0
                text60                             3B58     3B58      36E        4       0
                text59                             5018     5018      108        4       0
                text58                             4A30     4A30      1B4        4       0
                text57                             4678     4678      1E0        4       0
                text56                             4EFA     4EFA      11E        4       0
                text55                             37BE     37BE      39A        4       0
                text54                             4BE4     4BE4      190        4       0
                text53                             6452     6452       38        4       0
                text52                             5224     5224       FE        4       0
                text51                             64C0     64C0       34        4       0
                text50                             197E     197E      82C        4       0
                text49                             21AA     21AA      702        4       0
                text48                             61E8     61E8       5E        4       0
                text47                             5C30     5C30       98        4       0
                text46                             5B96     5B96       9A        4       0
                text45                             6738     6738       1A        4       0
                text44                             67D0     67D0       18        4       0
                text43                             63DE     63DE       3C        4       0
                text42                             6842     6842       14        4       0
                text41                             5684     5684       CA        4       0
                text40                             4214     4214      252        4       0
                text39                             659E     659E       26        4       0
                text38                             4D74     4D74      186        4       0
                text37                             671E     671E       1A        4       0
                text36                             66CE     66CE       1C        4       0
                text35                             66B2     66B2       1C        4       0
                text34                             6696     6696       1C        4       0
                text33                             67B8     67B8       18        4       0
                text32                             6704     6704       1A        4       0
                text31                             5DEE     5DEE       8E        4       0
                text30                             660E     660E       22        4       0
                text29                             66EA     66EA       1A        4       0
                text28                             5AF2     5AF2       A4        4       0
                text27                             6064     6064       64        4       0
                text26                             6526     6526       2A        4       0
                text25                             67A0     67A0       18        4       0
                text24                             618A     618A       5E        4       0
                text23                             5F78     5F78       78        4       0
                text22                             6578     6578       26        4       0
                text21                             5812     5812       C4        4       0
                text20                             28AC     28AC      628        4       0
                text19                             5FF0     5FF0       74        4       0
                text18                             574E     574E       C4        4       0
                text17                             5998     5998       B0        4       0
                text16                             5A48     5A48       AA        4       0
                text15                             5120     5120      104        4       0
                text14                             4466     4466      212        4       0
                text13                             688A     688A        2        4       0
                text12                             55BA     55BA       CA        4       0
                text11                             639A     639A       44        4       0
                text10                             648A     648A       36        4       0
                text9                              58D6     58D6       C2        4       0
                text8                              62A4     62A4       5C        4       0
                text7                              641A     641A       38        4       0
                text6                              612A     612A       60        4       0
                text5                               D24      D24      C5A        4       0
                text4                              54E4     54E4       D6        4       0
                text3                              3EC6     3EC6      34E        4       0
                text2                              60C8     60C8       62        4       0
                text1                              6300     6300       52        4       0
                text0                                12       12      D12        4       0
                cstackCOMRAM                          1        1       59        1       1
                cstackBANK0                          60       60       90       60       1
                cstackBANK1                         1AC      1AC       42      100       1
                bssBANK3                            300      300       B0      300       1
                dataBANK2                           2D1      2D1       24      200       1
                bssBANK2                            200      200       D1      200       1
                dataBANK1                           1EE      1EE       10      100       1
                bssBANK1                            100      100       AC      100       1
                dataBANK0                            FC       FC        1       60       1
                bssBANK0                             F0       F0        C       60       1
                bssCOMRAM                            5A       5A        2        1       1
                cinit                              5CC8     5CC8       94        4       0
                idataBANK2                         65EA     65EA       24        4       0
                idataBANK1                         6868     6868       10        4       0
                idataBANK0                         688C     688C        1        4       0

TOTAL           Name                               Link     Load   Length     Space
        CLASS   STACK          

        CLASS   CODE           
                intcode                               8        8        6         0
                init                                  E        E        4         0
                reset_vec                             0        0        4         0
                text86                             5E7C     5E7C       80         0
                intcode_body                       6246     6246       5E         0
                text84                             6882     6882        8         0
                text83                             5406     5406       DE         0
                text82                             682C     682C       16         0
                text81                             67E8     67E8       18         0
                text80                             6816     6816       16         0
                text79                             64F4     64F4       32         0
                text78                             6674     6674       22         0
                text77                             6652     6652       22         0
                text76                             6630     6630       22         0
                text75                             65C4     65C4       26         0
                text74                             5322     5322       E4         0
                text73                             6786     6786       1A         0
                text72                             6550     6550       28         0
                text71                             676C     676C       1A         0
                text70                             5EFC     5EFC       7C         0
                text69                             6752     6752       1A         0
                text68                             5D5C     5D5C       92         0
                text67                             6800     6800       16         0
                text66                             4858     4858      1D8         0
                text65                             6856     6856       12         0
                text64                             6878     6878        A         0
                text63                             3394     3394      42A         0
                text62                             2ED4     2ED4      4C0         0
                text61                             6352     6352       48         0
                text60                             3B58     3B58      36E         0
                text59                             5018     5018      108         0
                text58                             4A30     4A30      1B4         0
                text57                             4678     4678      1E0         0
                text56                             4EFA     4EFA      11E         0
                text55                             37BE     37BE      39A         0
                text54                             4BE4     4BE4      190         0
                text53                             6452     6452       38         0
                text52                             5224     5224       FE         0
                text51                             64C0     64C0       34         0
                text50                             197E     197E      82C         0
                text49                             21AA     21AA      702         0
                text48                             61E8     61E8       5E         0
                text47                             5C30     5C30       98         0
                text46                             5B96     5B96       9A         0
                text45                             6738     6738       1A         0
                text44                             67D0     67D0       18         0
                text43                             63DE     63DE       3C         0
                text42                             6842     6842       14         0
                text41                             5684     5684       CA         0
                text40                             4214     4214      252         0
                text39                             659E     659E       26         0
                text38                             4D74     4D74      186         0
                text37                             671E     671E       1A         0
                text36                             66CE     66CE       1C         0
                text35                             66B2     66B2       1C         0
                text34                             6696     6696       1C         0
                text33                             67B8     67B8       18         0
                text32                             6704     6704       1A         0
                text31                             5DEE     5DEE       8E         0
                text30                             660E     660E       22         0
                text29                             66EA     66EA       1A         0
                text28                             5AF2     5AF2       A4         0
                text27                             6064     6064       64         0
                text26                             6526     6526       2A         0
                text25                             67A0     67A0       18         0
                text24                             618A     618A       5E         0
                text23                             5F78     5F78       78         0
                text22                             6578     6578       26         0
                text21                             5812     5812       C4         0
                text20                             28AC     28AC      628         0
                text19                             5FF0     5FF0       74         0
                text18                             574E     574E       C4         0
                text17                             5998     5998       B0         0
                text16                             5A48     5A48       AA         0
                text15                             5120     5120      104         0
                text14                             4466     4466      212         0
                text13                             688A     688A        2         0
                text12                             55BA     55BA       CA         0
                text11                             639A     639A       44         0
                text10                             648A     648A       36         0
                text9                              58D6     58D6       C2         0
                text8                              62A4     62A4       5C         0
                text7                              641A     641A       38         0
                text6                              612A     612A       60         0
                text5                               D24      D24      C5A         0
                text4                              54E4     54E4       D6         0
                text3                              3EC6     3EC6      34E         0
                text2                              60C8     60C8       62         0
                text1                              6300     6300       52         0
                text0                                12       12      D12         0
                cinit                              5CC8     5CC8       94         0
                idataBANK2                         65EA     65EA       24         0
                idataBANK1                         6868     6868       10         0
                idataBANK0                         688C     688C        1         0

        CLASS   CONST          

        CLASS   SMALLCONST     

        CLASS   MEDIUMCONST    
                mediumconst                        72AC     72AC      D54         0

        CLASS   COMRAM         
                temp                                 5C       5C        1         1
                cstackCOMRAM                          1        1       59         1
                bssCOMRAM                            5A       5A        2         1

        CLASS   ABS1           

        CLASS   BIGRAM         

        CLASS   RAM            

        CLASS   BANK0          
                cstackBANK0                          60       60       90         1
                dataBANK0                            FC       FC        1         1
                bssBANK0                             F0       F0        C         1

        CLASS   BANK1          
                cstackBANK1                         1AC      1AC       42         1
                dataBANK1                           1EE      1EE       10         1
                bssBANK1                            100      100       AC         1

        CLASS   BANK2          
                dataBANK2                           2D1      2D1       24         1
                bssBANK2                            200      200       D1         1

        CLASS   BANK3          
                bssBANK3                            300      300       B0         1

        CLASS   BANK4          

        CLASS   BANK5          

        CLASS   BANK6          

        CLASS   BANK7          

        CLASS   SFR            

        CLASS   CONFIG         
                config                           300000   300000        E         4

        CLASS   IDLOC          
                idloc                            200000   200000        8         5

        CLASS   EEDATA         

        CLASS   FARRAM         



SEGMENTS        Name                           Load    Length   Top    Selector   Space  Class

                reset_vec                      000000  000004  000004         0       0  CODE    
                cstackCOMRAM                   000001  00005C  00005D         1       1  COMRAM  
                intcode                        000008  006885  00688D         4       0  CODE    
                cstackBANK0                    000060  00009D  0000FD        60       1  BANK0   
                bssBANK1                       000100  0000FE  0001FE       100       1  BANK1   
                bssBANK2                       000200  0000F5  0002F5       200       1  BANK2   
                bssBANK3                       000300  0000B0  0003B0       300       1  BANK3   
                mediumconst                    0072AC  000D54  008000      3956       0  MEDIUMCO


UNUSED ADDRESS RANGES

        Name                Unused          Largest block    Delta
        BANK0            0000FD-0000FF                3
        BANK1            0001FE-0001FF                2
        BANK2            0002F5-0002FF                B
        BANK3            0003B0-0003FF               50
        BANK4            000400-0004FF              100
        BANK5            000500-0005FF              100
        BANK6            000600-0006FF              100
        BANK7            000700-0007FF              100
        BIGRAM           00005D-00005F                3
                         0000FD-0000FF                3
                         0001FE-0001FF                2
                         0002F5-0002FF                B
                         0003B0-0007FF              450
        CODE             000004-000007                4
                         00688D-0072AB              A1F
        COMRAM           00005D-00005F                3
        CONST            000004-000007                4
                         00688D-0072AB              A1F
        EEDATA           F00000-F000FF              100
        MEDIUMCONST      00688D-0072AB              A1F
        RAM              0000FD-0000FF                3
                         0001FE-0001FF                2
                         0002F5-0002FF                B
                         0003B0-0007FF              100
        SFR              000F60-000FFF               A0
        SMALLCONST       00688D-0072AB              100
        STACK            0003B0-0007FF              450

                                  Symbol Table

?_MPU6050_dmpGetFIFOPacketSize            cstackCOMRAM 000004
?_MPU6050_getFIFOCount                    cstackCOMRAM 000011
?___awdiv                                 cstackCOMRAM 000004
?___awmod                                 cstackCOMRAM 000004
?___fladd                                 cstackCOMRAM 00004A
?___fldiv                                 cstackCOMRAM 000018
?___flmul                                 cstackCOMRAM 000031
?___flneg                                 cstackCOMRAM 000004
?___flsub                                 cstackBANK0  000060
?___fltol                                 cstackBANK0  000068
?___fpclassifyf                           cstackCOMRAM 000004
?___lldiv                                 cstackCOMRAM 000004
?___wmul                                  cstackCOMRAM 000004
?___xxtofl                                cstackCOMRAM 00000A
?_atan2f                                  cstackBANK0  0000A2
?_atanf                                   cstackBANK0  000068
?_efgtoa                                  cstackBANK0  000072
?_fabsf                                   cstackCOMRAM 000031
?_floorf                                  cstackCOMRAM 000031
?_isupper                                 cstackCOMRAM 000004
?_memcmp                                  cstackCOMRAM 000004
?_pad                                     cstackCOMRAM 000014
?_sprintf                                 cstackBANK0  0000D2
?_strlen                                  cstackCOMRAM 000004
?_strncmp                                 cstackCOMRAM 000004
?_tolower                                 cstackCOMRAM 00000A
?_vfpfcnvrt                               cstackBANK0  0000B6
?_vfprintf                                cstackBANK0  0000CA
I2Cdev_readBits@b                         cstackCOMRAM 000020
I2Cdev_readBits@bitStart                  cstackCOMRAM 000016
I2Cdev_readBits@count                     cstackCOMRAM 00001D
I2Cdev_readBits@data                      cstackCOMRAM 000018
I2Cdev_readBits@devAddr                   cstackCOMRAM 00001E
I2Cdev_readBits@length                    cstackCOMRAM 000017
I2Cdev_readBits@mask                      cstackCOMRAM 00001F
I2Cdev_readBits@regAddr                   cstackCOMRAM 000015
I2Cdev_readByte@data                      cstackCOMRAM 000012
I2Cdev_readByte@devAddr                   cstackCOMRAM 000014
I2Cdev_readByte@regAddr                   cstackCOMRAM 000011
I2Cdev_readBytes@count                    cstackCOMRAM 000010
I2Cdev_readBytes@data                     cstackCOMRAM 000007
I2Cdev_readBytes@devAddr                  cstackCOMRAM 00000F
I2Cdev_readBytes@length                   cstackCOMRAM 000006
I2Cdev_readBytes@regAddr                  cstackCOMRAM 000005
I2Cdev_writeBit@b                         cstackCOMRAM 000020
I2Cdev_writeBit@bitNum                    cstackCOMRAM 000016
I2Cdev_writeBit@data                      cstackCOMRAM 000017
I2Cdev_writeBit@devAddr                   cstackCOMRAM 00001F
I2Cdev_writeBit@regAddr                   cstackCOMRAM 000015
I2Cdev_writeBits@b                        cstackCOMRAM 00001E
I2Cdev_writeBits@bitStart                 cstackCOMRAM 000016
I2Cdev_writeBits@data                     cstackCOMRAM 000018
I2Cdev_writeBits@devAddr                  cstackCOMRAM 00001C
I2Cdev_writeBits@length                   cstackCOMRAM 000017
I2Cdev_writeBits@mask                     cstackCOMRAM 00001D
I2Cdev_writeBits@regAddr                  cstackCOMRAM 000015
I2Cdev_writeByte@data                     cstackCOMRAM 00000E
I2Cdev_writeByte@devAddr                  cstackCOMRAM 00000F
I2Cdev_writeByte@regAddr                  cstackCOMRAM 00000D
I2Cdev_writeBytes@data                    cstackCOMRAM 000007
I2Cdev_writeBytes@devAddr                 cstackCOMRAM 00000B
I2Cdev_writeBytes@i                       cstackCOMRAM 00000C
I2Cdev_writeBytes@length                  cstackCOMRAM 000006
I2Cdev_writeBytes@regAddr                 cstackCOMRAM 000005
I2Cdev_writeWord@data                     cstackCOMRAM 000010
I2Cdev_writeWord@devAddr                  cstackCOMRAM 000012
I2Cdev_writeWord@regAddr                  cstackCOMRAM 00000F
I2Cdev_writeWords@data                    cstackCOMRAM 000007
I2Cdev_writeWords@devAddr                 cstackCOMRAM 00000D
I2Cdev_writeWords@i                       cstackCOMRAM 00000E
I2Cdev_writeWords@length                  cstackCOMRAM 000006
I2Cdev_writeWords@regAddr                 cstackCOMRAM 000005
MPU6050@address                           cstackCOMRAM 000004
MPU6050_GetCurrentFIFOPacket@BreakTimer   cstackCOMRAM 000048
MPU6050_GetCurrentFIFOPacket@RemoveBytes  cstackCOMRAM 00004C
MPU6050_GetCurrentFIFOPacket@Trash        cstackCOMRAM 000028
MPU6050_GetCurrentFIFOPacket@data         cstackCOMRAM 000021
MPU6050_GetCurrentFIFOPacket@fifoC        cstackCOMRAM 00004E
MPU6050_GetCurrentFIFOPacket@length       cstackCOMRAM 000023
MPU6050_dmpGetAccelI16@data               cstackCOMRAM 000004
MPU6050_dmpGetAccelI16@packet             cstackCOMRAM 000006
MPU6050_dmpGetCurrentFIFOPacket@data      cstackCOMRAM 000050
MPU6050_dmpGetGravityVF@q                 cstackBANK0  00006A
MPU6050_dmpGetGravityVF@v                 cstackBANK0  000068
MPU6050_dmpGetLinearAccel@gravity         cstackBANK0  000076
MPU6050_dmpGetLinearAccel@v               cstackBANK0  000072
MPU6050_dmpGetLinearAccel@vRaw            cstackBANK0  000074
MPU6050_dmpGetQuaternionI16@data          cstackCOMRAM 000004
MPU6050_dmpGetQuaternionI16@packet        cstackCOMRAM 000006
MPU6050_dmpGetQuaternionQ@packet          cstackCOMRAM 000033
MPU6050_dmpGetQuaternionQ@q               cstackCOMRAM 000031
MPU6050_dmpGetQuaternionQ@qI              cstackCOMRAM 000036
MPU6050_dmpGetQuaternionQ@status          cstackCOMRAM 000035
MPU6050_dmpGetRoll@data                   cstackBANK0  0000DA
MPU6050_dmpGetRoll@gravity                cstackBANK0  0000DE
MPU6050_dmpGetRoll@q                      cstackBANK0  0000DC
MPU6050_dmpInitialize@val                 cstackCOMRAM 000051
MPU6050_getFIFOBytes@data                 cstackCOMRAM 000011
MPU6050_getFIFOBytes@length               cstackCOMRAM 000013
MPU6050_setClockSource@source             cstackCOMRAM 00001F
MPU6050_setDMPEnabled@enabled             cstackCOMRAM 000021
MPU6050_setFullScaleAccelRange@range      cstackCOMRAM 00001F
MPU6050_setFullScaleGyroRange@range       cstackCOMRAM 00001F
MPU6050_setMemoryBank@bank                cstackCOMRAM 000012
MPU6050_setMemoryBank@prefetchEnabled     cstackCOMRAM 000010
MPU6050_setMemoryBank@userBank            cstackCOMRAM 000011
MPU6050_setMemoryStartAddress@address     cstackCOMRAM 000010
MPU6050_setSleepEnabled@enabled           cstackCOMRAM 000021
MPU6050_writeMemoryBlock@address          cstackCOMRAM 000018
MPU6050_writeMemoryBlock@bank             cstackCOMRAM 000017
MPU6050_writeMemoryBlock@chunkSize        cstackCOMRAM 000047
MPU6050_writeMemoryBlock@data             cstackCOMRAM 000013
MPU6050_writeMemoryBlock@dataSize         cstackCOMRAM 000015
MPU6050_writeMemoryBlock@i                cstackCOMRAM 000045
MPU6050_writeMemoryBlock@j                cstackCOMRAM 000044
MPU6050_writeMemoryBlock@mlc1             cstackCOMRAM 000020
MPU6050_writeMemoryBlock@mlc2             cstackCOMRAM 000030
MPU6050_writeMemoryBlock@progBuffer       cstackCOMRAM 000042
MPU6050_writeMemoryBlock@useProgMem       cstackCOMRAM 00001A
MPU6050_writeMemoryBlock@verify           cstackCOMRAM 000019
MPU6050_writeMemoryBlock@verifyBuffer     cstackCOMRAM 000040
MPU6050_writeProgMemoryBlock@address      cstackCOMRAM 00004D
MPU6050_writeProgMemoryBlock@bank         cstackCOMRAM 00004C
MPU6050_writeProgMemoryBlock@data         cstackCOMRAM 000048
MPU6050_writeProgMemoryBlock@dataSize     cstackCOMRAM 00004A
MPU6050_writeProgMemoryBlock@verify       cstackCOMRAM 00004E
USART_UART_init@fastMode                  cstackCOMRAM 000019
USART_UART_init@rate                      cstackCOMRAM 000015
USART_UART_readBuffer@buffer              cstackCOMRAM 000004
USART_UART_readBuffer@i                   cstackCOMRAM 000008
USART_UART_readBuffer@size                cstackCOMRAM 000006
USART_UART_transmitByte@data              cstackCOMRAM 000004
USART_UART_transmitString@data            cstackCOMRAM 000005
USART_setBaudRate@rate                    cstackCOMRAM 000011
WriteI2C@data                             cstackCOMRAM 000004
_ADCON1                                   (abs)        000FC1
_AckI2C                                   text82       00682C
_CCP1CONbits                              (abs)        000FBD
_CCP2CONbits                              (abs)        000FBA
_CCPR1L                                   (abs)        000FBE
_CCPR2L                                   (abs)        000FBB
_CREN                                     (abs)        007D5C
_I2Cdev_readBits                          text31       005DEE
_I2Cdev_readByte                          text71       00676C
_I2Cdev_readBytes                         text74       005322
_I2Cdev_writeBit                          text68       005D5C
_I2Cdev_writeBit$600                      cstackCOMRAM 00001D
_I2Cdev_writeBits                         text47       005C30
_I2Cdev_writeByte                         text69       006752
_I2Cdev_writeBytes                        text70       005EFC
_I2Cdev_writeWord                         text45       006738
_I2Cdev_writeWords                        text46       005B96
_INTCON2bits                              (abs)        000FF1
_INTCON3bits                              (abs)        000FF0
_INTCONbits                               (abs)        000FF2
_IdleI2C                                  text81       0067E8
_LATBbits                                 (abs)        000F8A
_MPU6050                                  text84       006882
_MPU6050_GetCurrentFIFOPacket             text66       004858
_MPU6050_dmpGetAccelI16                   text83       005406
_MPU6050_dmpGetCurrentFIFOPacket          text65       006856
_MPU6050_dmpGetFIFOPacketSize             text64       006878
_MPU6050_dmpGetGravityVF                  text60       003B58
_MPU6050_dmpGetGravityVF$4534             cstackBANK0  000074
_MPU6050_dmpGetGravityVF$4535             cstackBANK0  00006C
_MPU6050_dmpGetGravityVF$4536             cstackBANK0  000070
_MPU6050_dmpGetLinearAccel                text57       004678
_MPU6050_dmpGetQuaternionI16              text56       004EFA
_MPU6050_dmpGetQuaternionQ                text54       004BE4
_MPU6050_dmpGetRoll                       text48       0061E8
_MPU6050_dmpInitialize                    text38       004D74
_MPU6050_getDeviceID                      text30       00660E
_MPU6050_getFIFOBytes                     text73       006786
_MPU6050_getFIFOCount                     text72       006550
_MPU6050_getIntStatus                     text37       00671E
_MPU6050_initialize                       text32       006704
_MPU6050_resetFIFO                        text67       006800
_MPU6050_setClockSource                   text36       0066CE
_MPU6050_setDMPEnabled                    text44       0067D0
_MPU6050_setFullScaleAccelRange           text35       0066B2
_MPU6050_setFullScaleGyroRange            text34       006696
_MPU6050_setMemoryBank                    text43       0063DE
_MPU6050_setMemoryStartAddress            text42       006842
_MPU6050_setSleepEnabled                  text33       0067B8
_MPU6050_testConnection                   text29       0066EA
_MPU6050_writeMemoryBlock                 text40       004214
_MPU6050_writeProgMemoryBlock             text39       00659E
_NotAckI2C                                text80       006816
_OERR                                     (abs)        007D59
_PIE1bits                                 (abs)        000F9D
_PIR1bits                                 (abs)        000F9E
_PIR2bits                                 (abs)        000FA1
_PR2                                      (abs)        000FCB
_RCIF                                     (abs)        007CF5
_RCONbits                                 (abs)        000FD0
_RCREG                                    (abs)        000FAE
_RCSTAbits                                (abs)        000FAB
_ReadI2C                                  text79       0064F4
_RestartI2C                               text78       006674
_SPBRG                                    (abs)        000FAF
_SSPADD                                   (abs)        000FC8
_SSPBUF                                   (abs)        000FC9
_SSPCON1                                  (abs)        000FC6
_SSPCON1bits                              (abs)        000FC6
_SSPCON2                                  (abs)        000FC5
_SSPCON2bits                              (abs)        000FC5
_SSPSTAT                                  (abs)        000FC7
_SSPSTATbits                              (abs)        000FC7
_StartI2C                                 text77       006652
_StopI2C                                  text76       006630
_T1CONbits                                (abs)        000FCD
_T2CON                                    (abs)        000FCA
_T2CONbits                                (abs)        000FCA
_TRISBbits                                (abs)        000F93
_TRISC                                    (abs)        000F94
_TRISCbits                                (abs)        000F94
_TXEN                                     (abs)        007D65
_TXIF                                     (abs)        007CF4
_TXREG                                    (abs)        000FAD
_TXSTAbits                                (abs)        000FAC
_USART_UART_doBuff                        text86       005E7C
_USART_UART_init                          text26       006526
_USART_UART_readBuffer                    text23       005F78
_USART_UART_transmitByte                  text25       0067A0
_USART_UART_transmitString                text24       00618A
_USART_setBaudRate                        text27       006064
_Ubuff                                    bssBANK2     000200
_WriteI2C                                 text75       0065C4
__HRAM                                    (abs)        000000
__Habs1                                   abs1         000000
__Hbank0                                  bank0        000000
__Hbank1                                  bank1        000000
__Hbank2                                  bank2        000000
__Hbank3                                  bank3        000000
__Hbank4                                  bank4        000000
__Hbank5                                  bank5        000000
__Hbank6                                  bank6        000000
__Hbank7                                  bank7        000000
__Hbigbss                                 bigbss       000000
__Hbigdata                                bigdata      000000
__Hbigram                                 bigram       000000
__Hbss                                    bss          000000
__HbssBANK0                               bssBANK0     000000
__HbssBANK1                               bssBANK1     000000
__HbssBANK2                               bssBANK2     000000
__HbssBANK3                               bssBANK3     000000
__HbssCOMRAM                              bssCOMRAM    000000
__Hcinit                                  cinit        000000
__Hclrtext                                clrtext      000000
__Hcomram                                 comram       000000
__Hconfig                                 config       30000E
__Hconst                                  const        000000
__HcstackBANK0                            cstackBANK0  000000
__HcstackBANK1                            cstackBANK1  000000
__HcstackCOMRAM                           cstackCOMRAM 000000
__Hdata                                   data         000000
__HdataBANK0                              dataBANK0    000000
__HdataBANK1                              dataBANK1    000000
__HdataBANK2                              dataBANK2    000000
__Heeprom_data                            eeprom_data  000000
__Hfarbss                                 farbss       000000
__Hfardata                                fardata      000000
__Hibigdata                               ibigdata     000000
__Hidata                                  idata        000000
__HidataBANK0                             idataBANK0   000000
__HidataBANK1                             idataBANK1   000000
__HidataBANK2                             idataBANK2   000000
__Hidloc                                  idloc        200008
__Hifardata                               ifardata     000000
__Hinit                                   init         000012
__Hintcode                                intcode      00000E
__Hintcode_body                           intcode_body 000000
__Hintcodelo                              intcodelo    00000E
__Hintentry                               intentry     000000
__Hintret                                 intret       000000
__Hintsave_regs                           intsave_regs 000000
__Hirdata                                 irdata       000000
__Hmediumconst                            mediumconst  008000
__HnvFARRAM                               nvFARRAM     000000
__Hnvbit                                  nvbit        000000
__Hnvrram                                 nvrram       000000
__Hparam                                  rparam       000000
__Hpowerup                                powerup      00000E
__Hram                                    ram          000000
__Hramtop                                 ramtop       000800
__Hrbit                                   rbit         000000
__Hrbss                                   rbss         000000
__Hrdata                                  rdata        000000
__Hreset_vec                              reset_vec    000004
__Hrparam                                 rparam       000000
__Hsfr                                    sfr          000000
__Hsmallconst                             smallconst   000000
__Hspace_0                                (abs)        008000
__Hspace_1                                (abs)        0003B0
__Hspace_2                                (abs)        000000
__Hspace_4                                (abs)        60000E
__Hstack                                  stack        000000
__Hstruct                                 struct       000000
__Htemp                                   temp         00005D
__Htext                                   text         000000
__Htext0                                  text0        000000
__Htext1                                  text1        000000
__Htext10                                 text10       000000
__Htext11                                 text11       000000
__Htext12                                 text12       000000
__Htext13                                 text13       000000
__Htext14                                 text14       000000
__Htext15                                 text15       000000
__Htext16                                 text16       000000
__Htext17                                 text17       000000
__Htext18                                 text18       000000
__Htext19                                 text19       000000
__Htext2                                  text2        000000
__Htext20                                 text20       000000
__Htext21                                 text21       000000
__Htext22                                 text22       000000
__Htext23                                 text23       000000
__Htext24                                 text24       000000
__Htext25                                 text25       000000
__Htext26                                 text26       000000
__Htext27                                 text27       000000
__Htext28                                 text28       000000
__Htext29                                 text29       000000
__Htext3                                  text3        000000
__Htext30                                 text30       000000
__Htext31                                 text31       000000
__Htext32                                 text32       000000
__Htext33                                 text33       000000
__Htext34                                 text34       000000
__Htext35                                 text35       000000
__Htext36                                 text36       000000
__Htext37                                 text37       000000
__Htext38                                 text38       000000
__Htext39                                 text39       000000
__Htext4                                  text4        000000
__Htext40                                 text40       000000
__Htext41                                 text41       000000
__Htext42                                 text42       000000
__Htext43                                 text43       000000
__Htext44                                 text44       000000
__Htext45                                 text45       000000
__Htext46                                 text46       000000
__Htext47                                 text47       000000
__Htext48                                 text48       000000
__Htext49                                 text49       000000
__Htext5                                  text5        000000
__Htext50                                 text50       000000
__Htext51                                 text51       000000
__Htext52                                 text52       000000
__Htext53                                 text53       000000
__Htext54                                 text54       000000
__Htext55                                 text55       000000
__Htext56                                 text56       000000
__Htext57                                 text57       000000
__Htext58                                 text58       000000
__Htext59                                 text59       000000
__Htext6                                  text6        000000
__Htext60                                 text60       000000
__Htext61                                 text61       000000
__Htext62                                 text62       000000
__Htext63                                 text63       000000
__Htext64                                 text64       000000
__Htext65                                 text65       000000
__Htext66                                 text66       000000
__Htext67                                 text67       000000
__Htext68                                 text68       000000
__Htext69                                 text69       000000
__Htext7                                  text7        000000
__Htext70                                 text70       000000
__Htext71                                 text71       000000
__Htext72                                 text72       000000
__Htext73                                 text73       000000
__Htext74                                 text74       000000
__Htext75                                 text75       000000
__Htext76                                 text76       000000
__Htext77                                 text77       000000
__Htext78                                 text78       000000
__Htext79                                 text79       000000
__Htext8                                  text8        000000
__Htext80                                 text80       000000
__Htext81                                 text81       000000
__Htext82                                 text82       000000
__Htext83                                 text83       000000
__Htext84                                 text84       000000
__Htext86                                 text86       000000
__Htext9                                  text9        000000
__LRAM                                    (abs)        000001
__Labs1                                   abs1         000000
__Lbank0                                  bank0        000000
__Lbank1                                  bank1        000000
__Lbank2                                  bank2        000000
__Lbank3                                  bank3        000000
__Lbank4                                  bank4        000000
__Lbank5                                  bank5        000000
__Lbank6                                  bank6        000000
__Lbank7                                  bank7        000000
__Lbigbss                                 bigbss       000000
__Lbigdata                                bigdata      000000
__Lbigram                                 bigram       000000
__Lbss                                    bss          000000
__LbssBANK0                               bssBANK0     000000
__LbssBANK1                               bssBANK1     000000
__LbssBANK2                               bssBANK2     000000
__LbssBANK3                               bssBANK3     000000
__LbssCOMRAM                              bssCOMRAM    000000
__Lcinit                                  cinit        000000
__Lclrtext                                clrtext      000000
__Lcomram                                 comram       000000
__Lconfig                                 config       000000
__Lconst                                  const        000000
__LcstackBANK0                            cstackBANK0  000000
__LcstackBANK1                            cstackBANK1  000000
__LcstackCOMRAM                           cstackCOMRAM 000000
__Ldata                                   data         000000
__LdataBANK0                              dataBANK0    000000
__LdataBANK1                              dataBANK1    000000
__LdataBANK2                              dataBANK2    000000
__Leeprom_data                            eeprom_data  000000
__Lfarbss                                 farbss       000000
__Lfardata                                fardata      000000
__Libigdata                               ibigdata     000000
__Lidata                                  idata        000000
__LidataBANK0                             idataBANK0   000000
__LidataBANK1                             idataBANK1   000000
__LidataBANK2                             idataBANK2   000000
__Lidloc                                  idloc        000000
__Lifardata                               ifardata     000000
__Linit                                   init         00000E
__Lintcode                                intcode      000008
__Lintcode_body                           intcode_body 000000
__Lintcodelo                              intcodelo    00000E
__Lintentry                               intentry     000000
__Lintret                                 intret       000000
__Lintsave_regs                           intsave_regs 000000
__Lirdata                                 irdata       000000
__Lmediumconst                            mediumconst  0072AC
__LnvFARRAM                               nvFARRAM     000000
__Lnvbit                                  nvbit        000000
__Lnvrram                                 nvrram       000000
__Lparam                                  rparam       000000
__Lpowerup                                powerup      00000E
__Lram                                    ram          000000
__Lramtop                                 ramtop       000800
__Lrbit                                   rbit         000000
__Lrbss                                   rbss         000000
__Lrdata                                  rdata        000000
__Lreset_vec                              reset_vec    000000
__Lrparam                                 rparam       000000
__Lsfr                                    sfr          000000
__Lsmallconst                             smallconst   000000
__Lspace_0                                (abs)        000000
__Lspace_1                                (abs)        000000
__Lspace_2                                (abs)        000000
__Lspace_4                                (abs)        000000
__Lstack                                  stack        000000
__Lstruct                                 struct       000000
__Ltemp                                   temp         00005C
__Ltext                                   text         000000
__Ltext0                                  text0        000000
__Ltext1                                  text1        000000
__Ltext10                                 text10       000000
__Ltext11                                 text11       000000
__Ltext12                                 text12       000000
__Ltext13                                 text13       000000
__Ltext14                                 text14       000000
__Ltext15                                 text15       000000
__Ltext16                                 text16       000000
__Ltext17                                 text17       000000
__Ltext18                                 text18       000000
__Ltext19                                 text19       000000
__Ltext2                                  text2        000000
__Ltext20                                 text20       000000
__Ltext21                                 text21       000000
__Ltext22                                 text22       000000
__Ltext23                                 text23       000000
__Ltext24                                 text24       000000
__Ltext25                                 text25       000000
__Ltext26                                 text26       000000
__Ltext27                                 text27       000000
__Ltext28                                 text28       000000
__Ltext29                                 text29       000000
__Ltext3                                  text3        000000
__Ltext30                                 text30       000000
__Ltext31                                 text31       000000
__Ltext32                                 text32       000000
__Ltext33                                 text33       000000
__Ltext34                                 text34       000000
__Ltext35                                 text35       000000
__Ltext36                                 text36       000000
__Ltext37                                 text37       000000
__Ltext38                                 text38       000000
__Ltext39                                 text39       000000
__Ltext4                                  text4        000000
__Ltext40                                 text40       000000
__Ltext41                                 text41       000000
__Ltext42                                 text42       000000
__Ltext43                                 text43       000000
__Ltext44                                 text44       000000
__Ltext45                                 text45       000000
__Ltext46                                 text46       000000
__Ltext47                                 text47       000000
__Ltext48                                 text48       000000
__Ltext49                                 text49       000000
__Ltext5                                  text5        000000
__Ltext50                                 text50       000000
__Ltext51                                 text51       000000
__Ltext52                                 text52       000000
__Ltext53                                 text53       000000
__Ltext54                                 text54       000000
__Ltext55                                 text55       000000
__Ltext56                                 text56       000000
__Ltext57                                 text57       000000
__Ltext58                                 text58       000000
__Ltext59                                 text59       000000
__Ltext6                                  text6        000000
__Ltext60                                 text60       000000
__Ltext61                                 text61       000000
__Ltext62                                 text62       000000
__Ltext63                                 text63       000000
__Ltext64                                 text64       000000
__Ltext65                                 text65       000000
__Ltext66                                 text66       000000
__Ltext67                                 text67       000000
__Ltext68                                 text68       000000
__Ltext69                                 text69       000000
__Ltext7                                  text7        000000
__Ltext70                                 text70       000000
__Ltext71                                 text71       000000
__Ltext72                                 text72       000000
__Ltext73                                 text73       000000
__Ltext74                                 text74       000000
__Ltext75                                 text75       000000
__Ltext76                                 text76       000000
__Ltext77                                 text77       000000
__Ltext78                                 text78       000000
__Ltext79                                 text79       000000
__Ltext8                                  text8        000000
__Ltext80                                 text80       000000
__Ltext81                                 text81       000000
__Ltext82                                 text82       000000
__Ltext83                                 text83       000000
__Ltext84                                 text84       000000
__Ltext86                                 text86       000000
__Ltext9                                  text9        000000
__S0                                      (abs)        008000
__S1                                      (abs)        0003B0
__S2                                      (abs)        000000
__S4                                      (abs)        000000
__S5                                      (abs)        000000
___awdiv                                  text18       00574E
___awdiv@counter                          cstackCOMRAM 000008
___awdiv@dividend                         cstackCOMRAM 000004
___awdiv@divisor                          cstackCOMRAM 000006
___awdiv@quotient                         cstackCOMRAM 00000A
___awdiv@sign                             cstackCOMRAM 000009
___awmod                                  text17       005998
___awmod@counter                          cstackCOMRAM 000008
___awmod@dividend                         cstackCOMRAM 000004
___awmod@divisor                          cstackCOMRAM 000006
___awmod@sign                             cstackCOMRAM 000009
___fladd                                  text62       002ED4
___fladd@a                                cstackCOMRAM 00004E
___fladd@aexp                             cstackCOMRAM 000057
___fladd@b                                cstackCOMRAM 00004A
___fladd@bexp                             cstackCOMRAM 000058
___fladd@grs                              cstackCOMRAM 000059
___fladd@signs                            cstackCOMRAM 000056
___fldiv                                  text55       0037BE
___fldiv@a                                cstackCOMRAM 00001C
___fldiv@aexp                             cstackCOMRAM 000030
___fldiv@b                                cstackCOMRAM 000018
___fldiv@bexp                             cstackCOMRAM 00002F
___fldiv@grs                              cstackCOMRAM 00002B
___fldiv@new_exp                          cstackCOMRAM 000029
___fldiv@rem                              cstackCOMRAM 000024
___fldiv@sign                             cstackCOMRAM 000028
___fleq                                   text16       005A48
___fleq@ff1                               cstackCOMRAM 000004
___fleq@ff2                               cstackCOMRAM 000008
___flge                                   text15       005120
___flge@ff1                               cstackCOMRAM 00004A
___flge@ff2                               cstackCOMRAM 00004E
___flmul                                  text63       003394
___flmul@a                                cstackCOMRAM 000035
___flmul@aexp                             cstackCOMRAM 000042
___flmul@b                                cstackCOMRAM 000031
___flmul@bexp                             cstackCOMRAM 000043
___flmul@grs                              cstackCOMRAM 00003E
___flmul@prod                             cstackCOMRAM 000044
___flmul@sign                             cstackCOMRAM 00003D
___flmul@temp                             cstackCOMRAM 000048
___flneg                                  text53       006452
___flneg@f1                               cstackCOMRAM 000004
___flsub                                  text61       006352
___flsub@a                                cstackBANK0  000064
___flsub@b                                cstackBANK0  000060
___fltol                                  text59       005018
___fltol@exp1                             cstackBANK0  000071
___fltol@f1                               cstackBANK0  000068
___fltol@sign1                            cstackBANK0  000070
___fpclassifyf                            text52       005224
___fpclassifyf@F465                       bssBANK1     000150
___fpclassifyf@e                          cstackCOMRAM 00000C
___fpclassifyf@u                          cstackCOMRAM 00000E
___fpclassifyf@x                          cstackCOMRAM 000004
___inthi_sp                               stack        000000
___intlo_sp                               stack        000000
___lldiv                                  text28       005AF2
___lldiv@counter                          cstackCOMRAM 000010
___lldiv@dividend                         cstackCOMRAM 000004
___lldiv@divisor                          cstackCOMRAM 000008
___lldiv@quotient                         cstackCOMRAM 00000C
___param_bank                             (abs)        000000
___rparam_used                            (abs)        000001
___sp                                     stack        000000
___wmul                                   text22       006578
___wmul@multiplicand                      cstackCOMRAM 000006
___wmul@multiplier                        cstackCOMRAM 000004
___wmul@product                           cstackCOMRAM 000008
___xxtofl                                 text58       004A30
___xxtofl@arg                             cstackCOMRAM 000014
___xxtofl@exp                             cstackCOMRAM 000013
___xxtofl@sign                            cstackCOMRAM 000012
___xxtofl@val                             cstackCOMRAM 00000A
__accesstop                               (abs)        000060
__activetblptr                            (abs)        000002
__end_of_AckI2C                           text82       006842
__end_of_I2Cdev_readBits                  text31       005E7C
__end_of_I2Cdev_readByte                  text71       006786
__end_of_I2Cdev_readBytes                 text74       005406
__end_of_I2Cdev_writeBit                  text68       005DEE
__end_of_I2Cdev_writeBits                 text47       005CC8
__end_of_I2Cdev_writeByte                 text69       00676C
__end_of_I2Cdev_writeBytes                text70       005F78
__end_of_I2Cdev_writeWord                 text45       006752
__end_of_I2Cdev_writeWords                text46       005C30
__end_of_IdleI2C                          text81       006800
__end_of_MPU6050                          text84       00688A
__end_of_MPU6050_GetCurrentFIFOPacket     text66       004A30
__end_of_MPU6050_dmpGetAccelI16           text83       0054E4
__end_of_MPU6050_dmpGetCurrentFIFOPacket  text65       006868
__end_of_MPU6050_dmpGetFIFOPacketSize     text64       006882
__end_of_MPU6050_dmpGetGravityVF          text60       003EC6
__end_of_MPU6050_dmpGetLinearAccel        text57       004858
__end_of_MPU6050_dmpGetQuaternionI16      text56       005018
__end_of_MPU6050_dmpGetQuaternionQ        text54       004D74
__end_of_MPU6050_dmpGetRoll               text48       006246
__end_of_MPU6050_dmpInitialize            text38       004EFA
__end_of_MPU6050_getDeviceID              text30       006630
__end_of_MPU6050_getFIFOBytes             text73       0067A0
__end_of_MPU6050_getFIFOCount             text72       006578
__end_of_MPU6050_getIntStatus             text37       006738
__end_of_MPU6050_initialize               text32       00671E
__end_of_MPU6050_resetFIFO                text67       006816
__end_of_MPU6050_setClockSource           text36       0066EA
__end_of_MPU6050_setDMPEnabled            text44       0067E8
__end_of_MPU6050_setFullScaleAccelRange   text35       0066CE
__end_of_MPU6050_setFullScaleGyroRange    text34       0066B2
__end_of_MPU6050_setMemoryBank            text43       00641A
__end_of_MPU6050_setMemoryStartAddress    text42       006856
__end_of_MPU6050_setSleepEnabled          text33       0067D0
__end_of_MPU6050_testConnection           text29       006704
__end_of_MPU6050_writeMemoryBlock         text40       004466
__end_of_MPU6050_writeProgMemoryBlock     text39       0065C4
__end_of_NotAckI2C                        text80       00682C
__end_of_RAD_TO_DEG                       mediumconst  00730D
__end_of_ReadI2C                          text79       006526
__end_of_RestartI2C                       text78       006696
__end_of_StartI2C                         text77       006674
__end_of_StopI2C                          text76       006652
__end_of_USART_UART_doBuff                text86       005EFC
__end_of_USART_UART_init                  text26       006550
__end_of_USART_UART_readBuffer            text23       005FF0
__end_of_USART_UART_transmitByte          text25       0067B8
__end_of_USART_UART_transmitString        text24       0061E8
__end_of_USART_setBaudRate                text27       0060C8
__end_of_WriteI2C                         text75       0065EA
__end_of__X_FREQ                          mediumconst  007F07
__end_of___awdiv                          text18       005812
__end_of___awmod                          text17       005A48
__end_of___fladd                          text62       003394
__end_of___fldiv                          text55       003B58
__end_of___fleq                           text16       005AF2
__end_of___flge                           text15       005224
__end_of___flmul                          text63       0037BE
__end_of___flneg                          text53       00648A
__end_of___flsub                          text61       00639A
__end_of___fltol                          text59       005120
__end_of___fpclassifyf                    text52       005322
__end_of___lldiv                          text28       005B96
__end_of___wmul                           text22       00659E
__end_of___xxtofl                         text58       004BE4
__end_of__initialization                  cinit        005D4E
__end_of__int_timing                      intcode_body 0062A4
__end_of_aT                               mediumconst  0072C1
__end_of_atan2f                           text49       0028AC
__end_of_atanf                            text50       0021AA
__end_of_atanhi                           mediumconst  0072E1
__end_of_atanlo                           mediumconst  0072D1
__end_of_controlReceive                   text20       002ED4
__end_of_dmpMemory                        mediumconst  007F03
__end_of_efgtoa                           text5        00197E
__end_of_fabsf                            text51       0064F4
__end_of_floorf                           text14       004678
__end_of_fputc                            text12       005684
__end_of_fputs                            text11       0063DE
__end_of_i2c_init                         text19       006064
__end_of_isupper                          text7        006452
__end_of_main                             text0        000D24
__end_of_memcmp                           text41       00574E
__end_of_pS0                              mediumconst  007301
__end_of_pS1                              mediumconst  0072FD
__end_of_pS2                              mediumconst  0072F9
__end_of_pad                              text9        005998
__end_of_pi                               mediumconst  0072F1
__end_of_pi_lo                            mediumconst  0072ED
__end_of_pio2                             mediumconst  007305
__end_of_putch                            text13       00688C
__end_of_qS1                              mediumconst  0072F5
__end_of_rem_bias                         mediumconst  007309
__end_of_resetDisplacement                text21       0058D6
__end_of_sprintf                          text1        006352
__end_of_strcpy                           text8        006300
__end_of_strlen                           text10       0064C0
__end_of_strncmp                          text4        0055BA
__end_of_tiny                             mediumconst  0072E5
__end_of_toint                            mediumconst  0072E9
__end_of_tolower                          text6        00618A
__end_of_vfpfcnvrt                        text3        004214
__end_of_vfprintf                         text2        00612A
__initialization                          cinit        005CC8
__int_timing                              intcode      000008
__mediumconst                             mediumconst  0072AC
__pbssBANK0                               bssBANK0     0000F0
__pbssBANK1                               bssBANK1     000100
__pbssBANK2                               bssBANK2     000200
__pbssBANK3                               bssBANK3     000300
__pbssCOMRAM                              bssCOMRAM    00005A
__pcinit                                  cinit        005CC8
__pcstackBANK0                            cstackBANK0  000060
__pcstackBANK1                            cstackBANK1  0001AC
__pcstackCOMRAM                           cstackCOMRAM 000001
__pdataBANK0                              dataBANK0    0000FC
__pdataBANK1                              dataBANK1    0001EE
__pdataBANK2                              dataBANK2    0002D1
__pidataBANK0                             idataBANK0   00688C
__pidataBANK1                             idataBANK1   006868
__pidataBANK2                             idataBANK2   0065EA
__pintcode                                intcode      000008
__pintcode_body                           intcode_body 006246
__pmediumconst                            mediumconst  0072AC
__ptext0                                  text0        000012
__ptext1                                  text1        006300
__ptext10                                 text10       00648A
__ptext11                                 text11       00639A
__ptext12                                 text12       0055BA
__ptext13                                 text13       00688A
__ptext14                                 text14       004466
__ptext15                                 text15       005120
__ptext16                                 text16       005A48
__ptext17                                 text17       005998
__ptext18                                 text18       00574E
__ptext19                                 text19       005FF0
__ptext2                                  text2        0060C8
__ptext20                                 text20       0028AC
__ptext21                                 text21       005812
__ptext22                                 text22       006578
__ptext23                                 text23       005F78
__ptext24                                 text24       00618A
__ptext25                                 text25       0067A0
__ptext26                                 text26       006526
__ptext27                                 text27       006064
__ptext28                                 text28       005AF2
__ptext29                                 text29       0066EA
__ptext3                                  text3        003EC6
__ptext30                                 text30       00660E
__ptext31                                 text31       005DEE
__ptext32                                 text32       006704
__ptext33                                 text33       0067B8
__ptext34                                 text34       006696
__ptext35                                 text35       0066B2
__ptext36                                 text36       0066CE
__ptext37                                 text37       00671E
__ptext38                                 text38       004D74
__ptext39                                 text39       00659E
__ptext4                                  text4        0054E4
__ptext40                                 text40       004214
__ptext41                                 text41       005684
__ptext42                                 text42       006842
__ptext43                                 text43       0063DE
__ptext44                                 text44       0067D0
__ptext45                                 text45       006738
__ptext46                                 text46       005B96
__ptext47                                 text47       005C30
__ptext48                                 text48       0061E8
__ptext49                                 text49       0021AA
__ptext5                                  text5        000D24
__ptext50                                 text50       00197E
__ptext51                                 text51       0064C0
__ptext52                                 text52       005224
__ptext53                                 text53       006452
__ptext54                                 text54       004BE4
__ptext55                                 text55       0037BE
__ptext56                                 text56       004EFA
__ptext57                                 text57       004678
__ptext58                                 text58       004A30
__ptext59                                 text59       005018
__ptext6                                  text6        00612A
__ptext60                                 text60       003B58
__ptext61                                 text61       006352
__ptext62                                 text62       002ED4
__ptext63                                 text63       003394
__ptext64                                 text64       006878
__ptext65                                 text65       006856
__ptext66                                 text66       004858
__ptext67                                 text67       006800
__ptext68                                 text68       005D5C
__ptext69                                 text69       006752
__ptext7                                  text7        00641A
__ptext70                                 text70       005EFC
__ptext71                                 text71       00676C
__ptext72                                 text72       006550
__ptext73                                 text73       006786
__ptext74                                 text74       005322
__ptext75                                 text75       0065C4
__ptext76                                 text76       006630
__ptext77                                 text77       006652
__ptext78                                 text78       006674
__ptext79                                 text79       0064F4
__ptext8                                  text8        0062A4
__ptext80                                 text80       006816
__ptext81                                 text81       0067E8
__ptext82                                 text82       00682C
__ptext83                                 text83       005406
__ptext84                                 text84       006882
__ptext86                                 text86       005E7C
__ptext9                                  text9        0058D6
__ramtop                                  ramtop       000800
__size_of_AckI2C                          (abs)        000000
__size_of_I2Cdev_readBits                 (abs)        000000
__size_of_I2Cdev_readByte                 (abs)        000000
__size_of_I2Cdev_readBytes                (abs)        000000
__size_of_I2Cdev_writeBit                 (abs)        000000
__size_of_I2Cdev_writeBits                (abs)        000000
__size_of_I2Cdev_writeByte                (abs)        000000
__size_of_I2Cdev_writeBytes               (abs)        000000
__size_of_I2Cdev_writeWord                (abs)        000000
__size_of_I2Cdev_writeWords               (abs)        000000
__size_of_IdleI2C                         (abs)        000000
__size_of_MPU6050                         (abs)        000000
__size_of_MPU6050_GetCurrentFIFOPacket    (abs)        000000
__size_of_MPU6050_dmpGetAccelI16          (abs)        000000
__size_of_MPU6050_dmpGetCurrentFIFOPacket (abs)        000000
__size_of_MPU6050_dmpGetFIFOPacketSize    (abs)        000000
__size_of_MPU6050_dmpGetGravityVF         (abs)        000000
__size_of_MPU6050_dmpGetLinearAccel       (abs)        000000
__size_of_MPU6050_dmpGetQuaternionI16     (abs)        000000
__size_of_MPU6050_dmpGetQuaternionQ       (abs)        000000
__size_of_MPU6050_dmpGetRoll              (abs)        000000
__size_of_MPU6050_dmpInitialize           (abs)        000000
__size_of_MPU6050_getDeviceID             (abs)        000000
__size_of_MPU6050_getFIFOBytes            (abs)        000000
__size_of_MPU6050_getFIFOCount            (abs)        000000
__size_of_MPU6050_getIntStatus            (abs)        000000
__size_of_MPU6050_initialize              (abs)        000000
__size_of_MPU6050_resetFIFO               (abs)        000000
__size_of_MPU6050_setClockSource          (abs)        000000
__size_of_MPU6050_setDMPEnabled           (abs)        000000
__size_of_MPU6050_setFullScaleAccelRange  (abs)        000000
__size_of_MPU6050_setFullScaleGyroRange   (abs)        000000
__size_of_MPU6050_setMemoryBank           (abs)        000000
__size_of_MPU6050_setMemoryStartAddress   (abs)        000000
__size_of_MPU6050_setSleepEnabled         (abs)        000000
__size_of_MPU6050_testConnection          (abs)        000000
__size_of_MPU6050_writeMemoryBlock        (abs)        000000
__size_of_MPU6050_writeProgMemoryBlock    (abs)        000000
__size_of_NotAckI2C                       (abs)        000000
[...]
      Temps:          0       0       0       0       0       0       0       0       0
      Totals:         0       0       0       0       0       0       0       0       0
Total ram usage:        0 bytes
 Hardware stack levels used:    1
 Hardware stack levels required when called:    2
 This function calls:
		Nothing
 This function is called by:
		_I2Cdev_readBytes
		_I2Cdev_readWords
 This function uses a non-reentrant model


 *************** function _ReadI2C *****************
 Defined at:
		line 66 in file "I2Cdev.c"
 Parameters:    Size  Location     Type
		None
 Auto vars:     Size  Location     Type
		None
 Return value:  Size  Location     Type
                  1    wreg      unsigned char 
 Registers used:
		wreg, status,2
 Tracked objects:
		On entry : 
		On exit  : 
		Unchanged: 
 Data sizes:     COMRAM   BANK0   BANK1   BANK2   BANK3   BANK4   BANK5   BANK6   BANK7
      Params:         0       0       0       0       0       0       0       0       0
      Locals:         0       0       0       0       0       0       0       0       0
      Temps:          0       0       0       0       0       0       0       0       0
      Totals:         0       0       0       0       0       0       0       0       0
Total ram usage:        0 bytes
 Hardware stack levels used:    1
 Hardware stack levels required when called:    2
 This function calls:
		Nothing
 This function is called by:
		_I2Cdev_readBytes
		_I2Cdev_readWords
 This function uses a non-reentrant model


 *************** function _NotAckI2C *****************
 Defined at:
		line 82 in file "I2Cdev.c"
 Parameters:    Size  Location     Type
		None
 Auto vars:     Size  Location     Type
		None
 Return value:  Size  Location     Type
                  1    wreg      void 
 Registers used:
		None
 Tracked objects:
		On entry : 
		On exit  : 
		Unchanged: 
 Data sizes:     COMRAM   BANK0   BANK1   BANK2   BANK3   BANK4   BANK5   BANK6   BANK7
      Params:         0       0       0       0       0       0       0       0       0
      Locals:         0       0       0       0       0       0       0       0       0
      Temps:          0       0       0       0       0       0       0       0       0
      Totals:         0       0       0       0       0       0       0       0       0
Total ram usage:        0 bytes
 Hardware stack levels used:    1
 Hardware stack levels required when called:    2
 This function calls:
		Nothing
 This function is called by:
		_I2Cdev_readBytes
		_I2Cdev_readWords
 This function uses a non-reentrant model


 *************** function _IdleI2C *****************
 Defined at:
		line 45 in file "I2Cdev.c"
 Parameters:    Size  Location     Type
		None
 Auto vars:     Size  Location     Type
		None
 Return value:  Size  Location     Type
                  1    wreg      void 
 Registers used:
		wreg, status,2, status,0
 Tracked objects:
		On entry : 
		On exit  : 
		Unchanged: 
 Data sizes:     COMRAM   BANK0   BANK1   BANK2   BANK3   BANK4   BANK5   BANK6   BANK7
      Params:         0       0       0       0       0       0       0       0       0
      Locals:         0       0       0       0       0       0       0       0       0
      Temps:          1       0       0       0       0       0       0       0       0
      Totals:         1       0       0       0       0       0       0       0       0
Total ram usage:        1 bytes
 Hardware stack levels used:    1
 Hardware stack levels required when called:    2
 This function calls:
		Nothing
 This function is called by:
		_I2Cdev_readBytes
		_I2Cdev_writeBytes
		_I2Cdev_writeWords
		_I2Cdev_readWords
 This function uses a non-reentrant model


 *************** function _AckI2C *****************
 Defined at:
		line 87 in file "I2Cdev.c"
 Parameters:    Size  Location     Type
		None
 Auto vars:     Size  Location     Type
		None
 Return value:  Size  Location     Type
                  1    wreg      void 
 Registers used:
		None
 Tracked objects:
		On entry : 
		On exit  : 
		Unchanged: 
 Data sizes:     COMRAM   BANK0   BANK1   BANK2   BANK3   BANK4   BANK5   BANK6   BANK7
      Params:         0       0       0       0       0       0       0       0       0
      Locals:         0       0       0       0       0       0       0       0       0
      Temps:          0       0       0       0       0       0       0       0       0
      Totals:         0       0       0       0       0       0       0       0       0
Total ram usage:        0 bytes
 Hardware stack levels used:    1
 Hardware stack levels required when called:    2
 This function calls:
		Nothing
 This function is called by:
		_I2Cdev_readBytes
		_I2Cdev_readWords
 This function uses a non-reentrant model


 *************** function _MPU6050_dmpGetAccelI16 *****************
 Defined at:
		line 424 in file "./MPU6050_6Axis_MotionApps_V6_12.h"
 Parameters:    Size  Location     Type
  data            2    3[COMRAM] PTR short 
		 -> aa(6), 
  packet          2    5[COMRAM] PTR const unsigned char 
		 -> main@fifoBuffer(28), NULL(0), 
 Auto vars:     Size  Location     Type
		None
 Return value:  Size  Location     Type
                  1    wreg      unsigned char 
 Registers used:
		wreg, fsr2l, fsr2h, status,2, status,0
 Tracked objects:
		On entry : 
		On exit  : 
		Unchanged: 
 Data sizes:     COMRAM   BANK0   BANK1   BANK2   BANK3   BANK4   BANK5   BANK6   BANK7
      Params:         4       0       0       0       0       0       0       0       0
      Locals:         0       0       0       0       0       0       0       0       0
      Temps:          4       0       0       0       0       0       0       0       0
      Totals:         8       0       0       0       0       0       0       0       0
Total ram usage:        8 bytes
 Hardware stack levels used:    1
 Hardware stack levels required when called:    2
 This function calls:
		Nothing
 This function is called by:
		_main
 This function uses a non-reentrant model


 *************** function _MPU6050 *****************
 Defined at:
		line 57 in file "MPU6050.c"
 Parameters:    Size  Location     Type
  address         1    wreg     unsigned char 
 Auto vars:     Size  Location     Type
  address         1    3[COMRAM] unsigned char 
 Return value:  Size  Location     Type
                  1    wreg      void 
 Registers used:
		wreg
 Tracked objects:
		On entry : 
		On exit  : 
		Unchanged: 
 Data sizes:     COMRAM   BANK0   BANK1   BANK2   BANK3   BANK4   BANK5   BANK6   BANK7
      Params:         0       0       0       0       0       0       0       0       0
      Locals:         1       0       0       0       0       0       0       0       0
      Temps:          0       0       0       0       0       0       0       0       0
      Totals:         1       0       0       0       0       0       0       0       0
Total ram usage:        1 bytes
 Hardware stack levels used:    1
 Hardware stack levels required when called:    2
 This function calls:
		Nothing
 This function is called by:
		_main
 This function uses a non-reentrant model


 *************** function __int_timing *****************
 Defined at:
		line 66 in file "main.c"
 Parameters:    Size  Location     Type
		None
 Auto vars:     Size  Location     Type
		None
 Return value:  Size  Location     Type
                  1    wreg      void 
 Registers used:
		wreg, fsr2l, fsr2h, status,2, status,0, cstack
 Tracked objects:
		On entry : 
		On exit  : 
		Unchanged: 
 Data sizes:     COMRAM   BANK0   BANK1   BANK2   BANK3   BANK4   BANK5   BANK6   BANK7
      Params:         0       0       0       0       0       0       0       0       0
      Locals:         0       0       0       0       0       0       0       0       0
      Temps:          2       0       0       0       0       0       0       0       0
      Totals:         2       0       0       0       0       0       0       0       0
Total ram usage:        2 bytes
 Hardware stack levels used:    1
 Hardware stack levels required when called:    1
 This function calls:
		_USART_UART_doBuff
 This function is called by:
		Interrupt level 2
 This function uses a non-reentrant model


 *************** function _USART_UART_doBuff *****************
 Defined at:
		line 57 in file "./USART.h"
 Parameters:    Size  Location     Type
		None
 Auto vars:     Size  Location     Type
		None
 Return value:  Size  Location     Type
                  1    wreg      void 
 Registers used:
		wreg, fsr2l, fsr2h, status,2, status,0
 Tracked objects:
		On entry : 
		On exit  : 
		Unchanged: 
 Data sizes:     COMRAM   BANK0   BANK1   BANK2   BANK3   BANK4   BANK5   BANK6   BANK7
      Params:         0       0       0       0       0       0       0       0       0
      Locals:         0       0       0       0       0       0       0       0       0
      Temps:          1       0       0       0       0       0       0       0       0
      Totals:         1       0       0       0       0       0       0       0       0
Total ram usage:        1 bytes
 Hardware stack levels used:    1
 This function calls:
		Nothing
 This function is called by:
		__int_timing
 This function uses a non-reentrant model



MODULE INFORMATION

Module		Function		Class		Link	Load	Size
C:\Program Files\Microchip\xc8\v2.30\pic\sources\c99\common\sprcmul.c
		___flmul       		CODE           	3394	0000	1066

C:\Program Files\Microchip\xc8\v2.30\pic\sources\c99\common\sprcmul.c estimated size: 1066

C:\Program Files\Microchip\xc8\v2.30\pic\sources\c99\common\__lldiv.c
		___lldiv       		CODE           	5AF2	0000	164

C:\Program Files\Microchip\xc8\v2.30\pic\sources\c99\common\__lldiv.c estimated size: 164

C:\Program Files\Microchip\xc8\v2.30\pic\sources\c99\common\sprcdiv.c
		___fldiv       		CODE           	37BE	0000	922

C:\Program Files\Microchip\xc8\v2.30\pic\sources\c99\common\sprcdiv.c estimated size: 922

MPU6050.c
		_MPU6050_getIntStatus		CODE           	671E	0000	26
		_MPU6050_initialize		CODE           	6704	0000	26
		_MPU6050_resetFIFO		CODE           	6800	0000	22
		_MPU6050_setDMPEnabled		CODE           	67D0	0000	24
		_MPU6050_getDeviceID		CODE           	660E	0000	34
		_MPU6050_getFIFOBytes		CODE           	6786	0000	26
		_MPU6050_setFullScaleGyroRange		CODE           	6696	0000	28
		_MPU6050_setMemoryBank		CODE           	63DE	0000	60
		_MPU6050_setSleepEnabled		CODE           	67B8	0000	24
		_MPU6050_setMemoryStartAddress		CODE           	6842	0000	20
		_MPU6050       		CODE           	6882	0000	8
		_MPU6050_setClockSource		CODE           	66CE	0000	28
		_MPU6050_setFullScaleAccelRange		CODE           	66B2	0000	28
		_MPU6050_getFIFOCount		CODE           	6550	0000	40
		_MPU6050_writeProgMemoryBlock		CODE           	659E	0000	38
		_MPU6050_testConnection		CODE           	66EA	0000	26
		_MPU6050_GetCurrentFIFOPacket		CODE           	4858	0000	472
		_MPU6050_writeMemoryBlock		CODE           	4214	0000	594

MPU6050.c estimated size: 1524

C:\Program Files\Microchip\xc8\v2.30\pic\sources\c99\common\__fpclassifyf.c
		___fpclassifyf 		CODE           	5224	0000	254

C:\Program Files\Microchip\xc8\v2.30\pic\sources\c99\common\__fpclassifyf.c estimated size: 254

C:\Program Files\Microchip\xc8\v2.30\pic\sources\c99\common\awmod.c
		___awmod       		CODE           	5998	0000	176

C:\Program Files\Microchip\xc8\v2.30\pic\sources\c99\common\awmod.c estimated size: 176

C:\Program Files\Microchip\xc8\v2.30\pic\sources\c99\common\doprnt.c
		_vfpfcnvrt     		CODE           	3EC6	0000	846
		_efgtoa        		CODE           	0D24	0000	3162
		_pad           		CODE           	58D6	0000	194
		_vfprintf      		CODE           	60C8	0000	98

C:\Program Files\Microchip\xc8\v2.30\pic\sources\c99\common\doprnt.c estimated size: 4300

C:\Program Files\Microchip\xc8\v2.30\pic\sources\c99\common\memcmp.c
		_memcmp        		CODE           	5684	0000	202

C:\Program Files\Microchip\xc8\v2.30\pic\sources\c99\common\memcmp.c estimated size: 202

C:\Program Files\Microchip\xc8\v2.30\pic\sources\c99\common\fleq.c
		___fleq        		CODE           	5A48	0000	170

C:\Program Files\Microchip\xc8\v2.30\pic\sources\c99\common\fleq.c estimated size: 170

C:\Program Files\Microchip\xc8\v2.30\pic\sources\c99\common\putch.c
		_putch         		CODE           	688A	0000	2

C:\Program Files\Microchip\xc8\v2.30\pic\sources\c99\common\putch.c estimated size: 2

C:\Program Files\Microchip\xc8\v2.30\pic\sources\c99\common\nf_fputs.c
		_fputs         		CODE           	639A	0000	68

C:\Program Files\Microchip\xc8\v2.30\pic\sources\c99\common\nf_fputs.c estimated size: 68

C:\Program Files\Microchip\xc8\v2.30\pic\sources\c99\common\Umul16.c
		___wmul        		CODE           	6578	0000	38

C:\Program Files\Microchip\xc8\v2.30\pic\sources\c99\common\Umul16.c estimated size: 38

I2C.c
		_i2c_init      		CODE           	5FF0	0000	116

I2C.c estimated size: 116

C:\Program Files\Microchip\xc8\v2.30\pic\sources\c99\common\sprcadd.c
		___flsub       		CODE           	6352	0000	72
		___fladd       		CODE           	2ED4	0000	1216

C:\Program Files\Microchip\xc8\v2.30\pic\sources\c99\common\sprcadd.c estimated size: 1288

C:\Program Files\Microchip\xc8\v2.30\pic\sources\c99\common\awdiv.c
		___awdiv       		CODE           	574E	0000	196

C:\Program Files\Microchip\xc8\v2.30\pic\sources\c99\common\awdiv.c estimated size: 196

C:\Program Files\Microchip\xc8\v2.30\pic\sources\c99\common\fltol.c
		___fltol       		CODE           	5018	0000	264

C:\Program Files\Microchip\xc8\v2.30\pic\sources\c99\common\fltol.c estimated size: 264

./MPU6050_6Axis_MotionApps_V6_12.h
		_MPU6050_dmpGetRoll		CODE           	61E8	0000	94
		_MPU6050_dmpGetGravityVF		CODE           	3B58	0000	878
		_MPU6050_dmpGetLinearAccel		CODE           	4678	0000	480
		_MPU6050_dmpInitialize		CODE           	4D74	0000	390
		_MPU6050_dmpGetAccelI16		CODE           	5406	0000	222
		_MPU6050_dmpGetQuaternionQ		CODE           	4BE4	0000	400
		_MPU6050_dmpGetQuaternionI16		CODE           	4EFA	0000	286
		_MPU6050_dmpGetCurrentFIFOPacket		CODE           	6856	0000	18
		_MPU6050_dmpGetFIFOPacketSize		CODE           	6878	0000	10

./MPU6050_6Axis_MotionApps_V6_12.h estimated size: 2778

C:\Program Files\Microchip\xc8\v2.30\pic\sources\c99\common\isupper.c
		_isupper       		CODE           	641A	0000	56

C:\Program Files\Microchip\xc8\v2.30\pic\sources\c99\common\isupper.c estimated size: 56

./USART.h
		_USART_setBaudRate		CODE           	6064	0000	100
		_USART_UART_readBuffer		CODE           	5F78	0000	120
		_USART_UART_transmitString		CODE           	618A	0000	94
		_USART_UART_doBuff		CODE           	5E7C	0000	128
		_USART_UART_transmitByte		CODE           	67A0	0000	24
		_USART_UART_init		CODE           	6526	0000	42

./USART.h estimated size: 508

C:\Program Files\Microchip\xc8\v2.30\pic\sources\c99\common\xxtofl.c
		___xxtofl      		CODE           	4A30	0000	436

C:\Program Files\Microchip\xc8\v2.30\pic\sources\c99\common\xxtofl.c estimated size: 436

shared
		_rem_bias      		MEDIUMCONST    	0000	0000	0
		_pS0           		MEDIUMCONST    	0000	0000	0
		_pS1           		MEDIUMCONST    	0000	0000	0
		_dmpMemory     		MEDIUMCONST    	730D	0000	3062
		_qS1           		MEDIUMCONST    	0000	0000	0
		_pS2           		MEDIUMCONST    	0000	0000	0
		_atanhi        		MEDIUMCONST    	72D1	0000	16
		_RAD_TO_DEG    		MEDIUMCONST    	0000	0000	0
		__initialization		CODE           	5CC8	0000	134
		_pi            		MEDIUMCONST    	0000	0000	0
		_pio2          		MEDIUMCONST    	0000	0000	0
		_toint         		MEDIUMCONST    	0000	0000	0
		__X_FREQ       		MEDIUMCONST    	0000	0000	0
		_tiny          		MEDIUMCONST    	0000	0000	0
		_aT            		MEDIUMCONST    	72AD	0000	20
		_pi_lo         		MEDIUMCONST    	0000	0000	0
		_atanlo        		MEDIUMCONST    	72C1	0000	16

shared estimated size: 3248

C:\Program Files\Microchip\xc8\v2.30\pic\sources\c99\common\nf_fputc.c
		_fputc         		CODE           	55BA	0000	202

C:\Program Files\Microchip\xc8\v2.30\pic\sources\c99\common\nf_fputc.c estimated size: 202

C:\Program Files\Microchip\xc8\v2.30\pic\sources\c99\common\flge.c
		___flge        		CODE           	5120	0000	260

C:\Program Files\Microchip\xc8\v2.30\pic\sources\c99\common\flge.c estimated size: 260

C:\Program Files\Microchip\xc8\v2.30\pic\sources\c99\common\strlen.c
		_strlen        		CODE           	648A	0000	54

C:\Program Files\Microchip\xc8\v2.30\pic\sources\c99\common\strlen.c estimated size: 54

C:\Program Files\Microchip\xc8\v2.30\pic\sources\c99\common\floorf.c
		_floorf        		CODE           	4466	0000	530

C:\Program Files\Microchip\xc8\v2.30\pic\sources\c99\common\floorf.c estimated size: 530

C:\Program Files\Microchip\xc8\v2.30\pic\sources\c99\common\strcpy.c
		_strcpy        		CODE           	62A4	0000	92

C:\Program Files\Microchip\xc8\v2.30\pic\sources\c99\common\strcpy.c estimated size: 92

C:\Program Files\Microchip\xc8\v2.30\pic\sources\c99\common\nf_sprintf.c
		_sprintf       		CODE           	6300	0000	82

C:\Program Files\Microchip\xc8\v2.30\pic\sources\c99\common\nf_sprintf.c estimated size: 82

C:\Program Files\Microchip\xc8\v2.30\pic\sources\c99\common\flneg.c
		___flneg       		CODE           	6452	0000	56

C:\Program Files\Microchip\xc8\v2.30\pic\sources\c99\common\flneg.c estimated size: 56

C:\Program Files\Microchip\xc8\v2.30\pic\sources\c99\common\fabsf.c
		_fabsf         		CODE           	64C0	0000	52

C:\Program Files\Microchip\xc8\v2.30\pic\sources\c99\common\fabsf.c estimated size: 52

C:\Program Files\Microchip\xc8\v2.30\pic\sources\c99\common\atanf.c
		_atanf         		CODE           	197E	0000	2092

C:\Program Files\Microchip\xc8\v2.30\pic\sources\c99\common\atanf.c estimated size: 2092

main.c
		_resetDisplacement		CODE           	5812	0000	196
		_main          		CODE           	0012	0000	3346
		__int_timing   		CODE           	0008	0000	100
		_controlReceive		CODE           	28AC	0000	1576

main.c estimated size: 5218

C:\Program Files\Microchip\xc8\v2.30\pic\sources\c99\common\atan2f.c
		_atan2f        		CODE           	21AA	0000	1794

C:\Program Files\Microchip\xc8\v2.30\pic\sources\c99\common\atan2f.c estimated size: 1794

I2Cdev.c
		_I2Cdev_writeWords		CODE           	5B96	0000	154
		_I2Cdev_writeBytes		CODE           	5EFC	0000	124
		_IdleI2C       		CODE           	67E8	0000	24
		_I2Cdev_readByte		CODE           	676C	0000	26
		_I2Cdev_writeBit		CODE           	5D5C	0000	146
		_I2Cdev_readBits		CODE           	5DEE	0000	142
		_AckI2C        		CODE           	682C	0000	22
		_StopI2C       		CODE           	6630	0000	34
		_ReadI2C       		CODE           	64F4	0000	50
		_RestartI2C    		CODE           	6674	0000	34
		_WriteI2C      		CODE           	65C4	0000	38
		_I2Cdev_writeWord		CODE           	6738	0000	26
		_I2Cdev_writeByte		CODE           	6752	0000	26
		_StartI2C      		CODE           	6652	0000	34
		_I2Cdev_readBytes		CODE           	5322	0000	228
		_I2Cdev_writeBits		CODE           	5C30	0000	152
		_NotAckI2C     		CODE           	6816	0000	22

I2Cdev.c estimated size: 1282

C:\Program Files\Microchip\xc8\v2.30\pic\sources\c99\common\strncmp.c
		_strncmp       		CODE           	54E4	0000	214

C:\Program Files\Microchip\xc8\v2.30\pic\sources\c99\common\strncmp.c estimated size: 214

C:\Program Files\Microchip\xc8\v2.30\pic\sources\c99\common\tolower.c
		_tolower       		CODE           	612A	0000	96

C:\Program Files\Microchip\xc8\v2.30\pic\sources\c99\common\tolower.c estimated size: 96

